// Jest Snapshot v1, https://goo.gl/fbAQLP

exports[`Focusable zones 1`] = `
<svg
  height={600}
  id="stage"
  width={800}
  xmlns="http://www.w3.org/2000/svg"
>
  <g>
    <g
      id="zones"
    >
      <g>
        <rect
          className="not-in-focus area okay js-area-standard"
          height="100%"
          id="performing"
          onMouseDown={[Function]}
          onMouseEnter={[Function]}
          onMouseLeave={[Function]}
          onMouseUp={[Function]}
          width="25%"
          x="0%"
          y="0"
        >
          <animate
            attributeName="x"
            attributeType="XML"
            begin="0.6000000000000001s"
            dur="0.8s"
            fill="freeze"
            from="0%"
            keyTimes="0; 0.3; 0.6; 0.8; 1"
            to="20%"
            values="0%;93.75%;67.5%;78.75%;75%"
          />
        </rect>
        <text
          className="area-label"
          id="performing-label"
          textAnchor="middle"
          x="87%"
          y="50%"
        >
          performing
        </text>
        ;
      </g>
      <g>
        <rect
          className="not-in-focus area okay js-area-standard"
          height="100%"
          id="norming"
          onMouseDown={[Function]}
          onMouseEnter={[Function]}
          onMouseLeave={[Function]}
          onMouseUp={[Function]}
          width="25%"
          x="0%"
          y="0"
        >
          <animate
            attributeName="x"
            attributeType="XML"
            begin="0.4s"
            dur="0.8s"
            fill="freeze"
            from="0%"
            keyTimes="0; 0.3; 0.6; 0.8; 1"
            to="20%"
            values="0%;62.5%;45%;52.5%;50%"
          />
        </rect>
        <text
          className="area-label"
          id="norming-label"
          textAnchor="middle"
          x="62%"
          y="50%"
        >
          norming
        </text>
        ;
      </g>
      <g>
        <rect
          className="not-in-focus area okay js-area-standard"
          height="100%"
          id="storming"
          onMouseDown={[Function]}
          onMouseEnter={[Function]}
          onMouseLeave={[Function]}
          onMouseUp={[Function]}
          width="25%"
          x="0%"
          y="0"
        >
          <animate
            attributeName="x"
            attributeType="XML"
            begin="0.2s"
            dur="0.8s"
            fill="freeze"
            from="0%"
            keyTimes="0; 0.3; 0.6; 0.8; 1"
            to="20%"
            values="0%;31.25%;22.5%;26.25%;25%"
          />
        </rect>
        <text
          className="area-label"
          id="storming-label"
          textAnchor="middle"
          x="37%"
          y="50%"
        >
          storming
        </text>
        ;
      </g>
      <g>
        <rect
          className="in-focus area okay js-area-standard"
          height="100%"
          id="forming"
          onMouseDown={[Function]}
          onMouseEnter={[Function]}
          onMouseLeave={[Function]}
          onMouseUp={[Function]}
          width="25%"
          x="0%"
          y="0"
        >
          <animate
            attributeName="x"
            attributeType="XML"
            begin="0s"
            dur="0.8s"
            fill="freeze"
            from="0%"
            keyTimes="0; 0.3; 0.6; 0.8; 1"
            to="20%"
            values="0%;0%;0%;0%;0%"
          />
        </rect>
        <text
          className="area-label"
          id="forming-label"
          textAnchor="middle"
          x="12%"
          y="50%"
        >
          forming
        </text>
        ;
      </g>
    </g>
    <g
      className="appear"
      id="users"
    >
      <g
        className="user-group"
      >
        <rect
          className="not-in-focus"
          height="90"
          onMouseDown={[Function]}
          onMouseEnter={[Function]}
          onMouseLeave={[Function]}
          onMouseUp={[Function]}
          width="800"
          x="0"
          y={60}
        />
        <text
          className="username"
          x="60"
          y={120}
        >
          Adam Hall
        </text>
      </g>
      <g
        className="user-group"
      >
        <rect
          className="not-in-focus"
          height="90"
          onMouseDown={[Function]}
          onMouseEnter={[Function]}
          onMouseLeave={[Function]}
          onMouseUp={[Function]}
          width="800"
          x="0"
          y={150}
        />
        <text
          className="username"
          x="60"
          y={210}
        >
          Caroline Hall
        </text>
      </g>
    </g>
    <g
      id="history"
    />
    <button
      id="show-tuckman"
      onMouseUp={[Function]}
    >
      show tuckman
    </button>
    <button
      id="hide-tuckman"
      onMouseUp={[Function]}
    >
      hide tuckman
    </button>
  </g>
</svg>
`;

exports[`Focusable zones 2`] = `
<svg
  height={600}
  id="stage"
  width={800}
  xmlns="http://www.w3.org/2000/svg"
>
  <g>
    <g
      id="zones"
    >
      <g>
        <rect
          className="not-in-focus area okay js-area-standard"
          height="100%"
          id="performing"
          onMouseDown={[Function]}
          onMouseEnter={[Function]}
          onMouseLeave={[Function]}
          onMouseUp={[Function]}
          width="25%"
          x="0%"
          y="0"
        >
          <animate
            attributeName="x"
            attributeType="XML"
            begin="0.6000000000000001s"
            dur="0.8s"
            fill="freeze"
            from="0%"
            keyTimes="0; 0.3; 0.6; 0.8; 1"
            to="20%"
            values="0%;93.75%;67.5%;78.75%;75%"
          />
        </rect>
        <text
          className="area-label"
          id="performing-label"
          textAnchor="middle"
          x="87%"
          y="50%"
        >
          performing
        </text>
        ;
      </g>
      <g>
        <rect
          className="not-in-focus area okay js-area-standard"
          height="100%"
          id="norming"
          onMouseDown={[Function]}
          onMouseEnter={[Function]}
          onMouseLeave={[Function]}
          onMouseUp={[Function]}
          width="25%"
          x="0%"
          y="0"
        >
          <animate
            attributeName="x"
            attributeType="XML"
            begin="0.4s"
            dur="0.8s"
            fill="freeze"
            from="0%"
            keyTimes="0; 0.3; 0.6; 0.8; 1"
            to="20%"
            values="0%;62.5%;45%;52.5%;50%"
          />
        </rect>
        <text
          className="area-label"
          id="norming-label"
          textAnchor="middle"
          x="62%"
          y="50%"
        >
          norming
        </text>
        ;
      </g>
      <g>
        <rect
          className="in-focus area okay js-area-standard"
          height="100%"
          id="storming"
          onMouseDown={[Function]}
          onMouseEnter={[Function]}
          onMouseLeave={[Function]}
          onMouseUp={[Function]}
          width="25%"
          x="0%"
          y="0"
        >
          <animate
            attributeName="x"
            attributeType="XML"
            begin="0.2s"
            dur="0.8s"
            fill="freeze"
            from="0%"
            keyTimes="0; 0.3; 0.6; 0.8; 1"
            to="20%"
            values="0%;31.25%;22.5%;26.25%;25%"
          />
        </rect>
        <text
          className="area-label"
          id="storming-label"
          textAnchor="middle"
          x="37%"
          y="50%"
        >
          storming
        </text>
        ;
      </g>
      <g>
        <rect
          className="not-in-focus area okay js-area-standard"
          height="100%"
          id="forming"
          onMouseDown={[Function]}
          onMouseEnter={[Function]}
          onMouseLeave={[Function]}
          onMouseUp={[Function]}
          width="25%"
          x="0%"
          y="0"
        >
          <animate
            attributeName="x"
            attributeType="XML"
            begin="0s"
            dur="0.8s"
            fill="freeze"
            from="0%"
            keyTimes="0; 0.3; 0.6; 0.8; 1"
            to="20%"
            values="0%;0%;0%;0%;0%"
          />
        </rect>
        <text
          className="area-label"
          id="forming-label"
          textAnchor="middle"
          x="12%"
          y="50%"
        >
          forming
        </text>
        ;
      </g>
    </g>
    <g
      className="appear"
      id="users"
    >
      <g
        className="user-group"
      >
        <rect
          className="not-in-focus"
          height="90"
          onMouseDown={[Function]}
          onMouseEnter={[Function]}
          onMouseLeave={[Function]}
          onMouseUp={[Function]}
          width="800"
          x="0"
          y={60}
        />
        <text
          className="username"
          x="60"
          y={120}
        >
          Adam Hall
        </text>
      </g>
      <g
        className="user-group"
      >
        <rect
          className="not-in-focus"
          height="90"
          onMouseDown={[Function]}
          onMouseEnter={[Function]}
          onMouseLeave={[Function]}
          onMouseUp={[Function]}
          width="800"
          x="0"
          y={150}
        />
        <text
          className="username"
          x="60"
          y={210}
        >
          Caroline Hall
        </text>
      </g>
    </g>
    <g
      id="history"
    />
    <button
      id="show-tuckman"
      onMouseUp={[Function]}
    >
      show tuckman
    </button>
    <button
      id="hide-tuckman"
      onMouseUp={[Function]}
    >
      hide tuckman
    </button>
  </g>
</svg>
`;

exports[`Focusable zones 3`] = `
<svg
  height={600}
  id="stage"
  width={800}
  xmlns="http://www.w3.org/2000/svg"
>
  <g>
    <g
      id="zones"
    >
      <g>
        <rect
          className="not-in-focus area okay js-area-standard"
          height="100%"
          id="performing"
          onMouseDown={[Function]}
          onMouseEnter={[Function]}
          onMouseLeave={[Function]}
          onMouseUp={[Function]}
          width="25%"
          x="0%"
          y="0"
        >
          <animate
            attributeName="x"
            attributeType="XML"
            begin="0.6000000000000001s"
            dur="0.8s"
            fill="freeze"
            from="0%"
            keyTimes="0; 0.3; 0.6; 0.8; 1"
            to="20%"
            values="0%;93.75%;67.5%;78.75%;75%"
          />
        </rect>
        <text
          className="area-label"
          id="performing-label"
          textAnchor="middle"
          x="87%"
          y="50%"
        >
          performing
        </text>
        ;
      </g>
      <g>
        <rect
          className="in-focus area okay js-area-standard"
          height="100%"
          id="norming"
          onMouseDown={[Function]}
          onMouseEnter={[Function]}
          onMouseLeave={[Function]}
          onMouseUp={[Function]}
          width="25%"
          x="0%"
          y="0"
        >
          <animate
            attributeName="x"
            attributeType="XML"
            begin="0.4s"
            dur="0.8s"
            fill="freeze"
            from="0%"
            keyTimes="0; 0.3; 0.6; 0.8; 1"
            to="20%"
            values="0%;62.5%;45%;52.5%;50%"
          />
        </rect>
        <text
          className="area-label"
          id="norming-label"
          textAnchor="middle"
          x="62%"
          y="50%"
        >
          norming
        </text>
        ;
      </g>
      <g>
        <rect
          className="not-in-focus area okay js-area-standard"
          height="100%"
          id="storming"
          onMouseDown={[Function]}
          onMouseEnter={[Function]}
          onMouseLeave={[Function]}
          onMouseUp={[Function]}
          width="25%"
          x="0%"
          y="0"
        >
          <animate
            attributeName="x"
            attributeType="XML"
            begin="0.2s"
            dur="0.8s"
            fill="freeze"
            from="0%"
            keyTimes="0; 0.3; 0.6; 0.8; 1"
            to="20%"
            values="0%;31.25%;22.5%;26.25%;25%"
          />
        </rect>
        <text
          className="area-label"
          id="storming-label"
          textAnchor="middle"
          x="37%"
          y="50%"
        >
          storming
        </text>
        ;
      </g>
      <g>
        <rect
          className="not-in-focus area okay js-area-standard"
          height="100%"
          id="forming"
          onMouseDown={[Function]}
          onMouseEnter={[Function]}
          onMouseLeave={[Function]}
          onMouseUp={[Function]}
          width="25%"
          x="0%"
          y="0"
        >
          <animate
            attributeName="x"
            attributeType="XML"
            begin="0s"
            dur="0.8s"
            fill="freeze"
            from="0%"
            keyTimes="0; 0.3; 0.6; 0.8; 1"
            to="20%"
            values="0%;0%;0%;0%;0%"
          />
        </rect>
        <text
          className="area-label"
          id="forming-label"
          textAnchor="middle"
          x="12%"
          y="50%"
        >
          forming
        </text>
        ;
      </g>
    </g>
    <g
      className="appear"
      id="users"
    >
      <g
        className="user-group"
      >
        <rect
          className="not-in-focus"
          height="90"
          onMouseDown={[Function]}
          onMouseEnter={[Function]}
          onMouseLeave={[Function]}
          onMouseUp={[Function]}
          width="800"
          x="0"
          y={60}
        />
        <text
          className="username"
          x="60"
          y={120}
        >
          Adam Hall
        </text>
      </g>
      <g
        className="user-group"
      >
        <rect
          className="not-in-focus"
          height="90"
          onMouseDown={[Function]}
          onMouseEnter={[Function]}
          onMouseLeave={[Function]}
          onMouseUp={[Function]}
          width="800"
          x="0"
          y={150}
        />
        <text
          className="username"
          x="60"
          y={210}
        >
          Caroline Hall
        </text>
      </g>
    </g>
    <g
      id="history"
    />
    <button
      id="show-tuckman"
      onMouseUp={[Function]}
    >
      show tuckman
    </button>
    <button
      id="hide-tuckman"
      onMouseUp={[Function]}
    >
      hide tuckman
    </button>
  </g>
</svg>
`;

exports[`Focusable zones 4`] = `
<svg
  height={600}
  id="stage"
  width={800}
  xmlns="http://www.w3.org/2000/svg"
>
  <g>
    <g
      id="zones"
    >
      <g>
        <rect
          className="in-focus area okay js-area-standard"
          height="100%"
          id="performing"
          onMouseDown={[Function]}
          onMouseEnter={[Function]}
          onMouseLeave={[Function]}
          onMouseUp={[Function]}
          width="25%"
          x="0%"
          y="0"
        >
          <animate
            attributeName="x"
            attributeType="XML"
            begin="0.6000000000000001s"
            dur="0.8s"
            fill="freeze"
            from="0%"
            keyTimes="0; 0.3; 0.6; 0.8; 1"
            to="20%"
            values="0%;93.75%;67.5%;78.75%;75%"
          />
        </rect>
        <text
          className="area-label"
          id="performing-label"
          textAnchor="middle"
          x="87%"
          y="50%"
        >
          performing
        </text>
        ;
      </g>
      <g>
        <rect
          className="not-in-focus area okay js-area-standard"
          height="100%"
          id="norming"
          onMouseDown={[Function]}
          onMouseEnter={[Function]}
          onMouseLeave={[Function]}
          onMouseUp={[Function]}
          width="25%"
          x="0%"
          y="0"
        >
          <animate
            attributeName="x"
            attributeType="XML"
            begin="0.4s"
            dur="0.8s"
            fill="freeze"
            from="0%"
            keyTimes="0; 0.3; 0.6; 0.8; 1"
            to="20%"
            values="0%;62.5%;45%;52.5%;50%"
          />
        </rect>
        <text
          className="area-label"
          id="norming-label"
          textAnchor="middle"
          x="62%"
          y="50%"
        >
          norming
        </text>
        ;
      </g>
      <g>
        <rect
          className="not-in-focus area okay js-area-standard"
          height="100%"
          id="storming"
          onMouseDown={[Function]}
          onMouseEnter={[Function]}
          onMouseLeave={[Function]}
          onMouseUp={[Function]}
          width="25%"
          x="0%"
          y="0"
        >
          <animate
            attributeName="x"
            attributeType="XML"
            begin="0.2s"
            dur="0.8s"
            fill="freeze"
            from="0%"
            keyTimes="0; 0.3; 0.6; 0.8; 1"
            to="20%"
            values="0%;31.25%;22.5%;26.25%;25%"
          />
        </rect>
        <text
          className="area-label"
          id="storming-label"
          textAnchor="middle"
          x="37%"
          y="50%"
        >
          storming
        </text>
        ;
      </g>
      <g>
        <rect
          className="not-in-focus area okay js-area-standard"
          height="100%"
          id="forming"
          onMouseDown={[Function]}
          onMouseEnter={[Function]}
          onMouseLeave={[Function]}
          onMouseUp={[Function]}
          width="25%"
          x="0%"
          y="0"
        >
          <animate
            attributeName="x"
            attributeType="XML"
            begin="0s"
            dur="0.8s"
            fill="freeze"
            from="0%"
            keyTimes="0; 0.3; 0.6; 0.8; 1"
            to="20%"
            values="0%;0%;0%;0%;0%"
          />
        </rect>
        <text
          className="area-label"
          id="forming-label"
          textAnchor="middle"
          x="12%"
          y="50%"
        >
          forming
        </text>
        ;
      </g>
    </g>
    <g
      className="appear"
      id="users"
    >
      <g
        className="user-group"
      >
        <rect
          className="not-in-focus"
          height="90"
          onMouseDown={[Function]}
          onMouseEnter={[Function]}
          onMouseLeave={[Function]}
          onMouseUp={[Function]}
          width="800"
          x="0"
          y={60}
        />
        <text
          className="username"
          x="60"
          y={120}
        >
          Adam Hall
        </text>
      </g>
      <g
        className="user-group"
      >
        <rect
          className="not-in-focus"
          height="90"
          onMouseDown={[Function]}
          onMouseEnter={[Function]}
          onMouseLeave={[Function]}
          onMouseUp={[Function]}
          width="800"
          x="0"
          y={150}
        />
        <text
          className="username"
          x="60"
          y={210}
        >
          Caroline Hall
        </text>
      </g>
    </g>
    <g
      id="history"
    />
    <button
      id="show-tuckman"
      onMouseUp={[Function]}
    >
      show tuckman
    </button>
    <button
      id="hide-tuckman"
      onMouseUp={[Function]}
    >
      hide tuckman
    </button>
  </g>
</svg>
`;

exports[`Should show the component 1`] = `
<svg
  height={600}
  id="stage"
  width={800}
  xmlns="http://www.w3.org/2000/svg"
>
  <g>
    <g
      id="zones"
    >
      <g>
        <rect
          className="not-in-focus area okay js-area-standard"
          height="100%"
          id="performing"
          onMouseDown={[Function]}
          onMouseEnter={[Function]}
          onMouseLeave={[Function]}
          onMouseUp={[Function]}
          width="25%"
          x="0%"
          y="0"
        >
          <animate
            attributeName="x"
            attributeType="XML"
            begin="0.6000000000000001s"
            dur="0.8s"
            fill="freeze"
            from="0%"
            keyTimes="0; 0.3; 0.6; 0.8; 1"
            to="20%"
            values="0%;93.75%;67.5%;78.75%;75%"
          />
        </rect>
        <text
          className="area-label"
          id="performing-label"
          textAnchor="middle"
          x="87%"
          y="50%"
        >
          performing
        </text>
        ;
      </g>
      <g>
        <rect
          className="not-in-focus area okay js-area-standard"
          height="100%"
          id="norming"
          onMouseDown={[Function]}
          onMouseEnter={[Function]}
          onMouseLeave={[Function]}
          onMouseUp={[Function]}
          width="25%"
          x="0%"
          y="0"
        >
          <animate
            attributeName="x"
            attributeType="XML"
            begin="0.4s"
            dur="0.8s"
            fill="freeze"
            from="0%"
            keyTimes="0; 0.3; 0.6; 0.8; 1"
            to="20%"
            values="0%;62.5%;45%;52.5%;50%"
          />
        </rect>
        <text
          className="area-label"
          id="norming-label"
          textAnchor="middle"
          x="62%"
          y="50%"
        >
          norming
        </text>
        ;
      </g>
      <g>
        <rect
          className="not-in-focus area okay js-area-standard"
          height="100%"
          id="storming"
          onMouseDown={[Function]}
          onMouseEnter={[Function]}
          onMouseLeave={[Function]}
          onMouseUp={[Function]}
          width="25%"
          x="0%"
          y="0"
        >
          <animate
            attributeName="x"
            attributeType="XML"
            begin="0.2s"
            dur="0.8s"
            fill="freeze"
            from="0%"
            keyTimes="0; 0.3; 0.6; 0.8; 1"
            to="20%"
            values="0%;31.25%;22.5%;26.25%;25%"
          />
        </rect>
        <text
          className="area-label"
          id="storming-label"
          textAnchor="middle"
          x="37%"
          y="50%"
        >
          storming
        </text>
        ;
      </g>
      <g>
        <rect
          className="not-in-focus area okay js-area-standard"
          height="100%"
          id="forming"
          onMouseDown={[Function]}
          onMouseEnter={[Function]}
          onMouseLeave={[Function]}
          onMouseUp={[Function]}
          width="25%"
          x="0%"
          y="0"
        >
          <animate
            attributeName="x"
            attributeType="XML"
            begin="0s"
            dur="0.8s"
            fill="freeze"
            from="0%"
            keyTimes="0; 0.3; 0.6; 0.8; 1"
            to="20%"
            values="0%;0%;0%;0%;0%"
          />
        </rect>
        <text
          className="area-label"
          id="forming-label"
          textAnchor="middle"
          x="12%"
          y="50%"
        >
          forming
        </text>
        ;
      </g>
    </g>
    <g
      className="appear"
      id="users"
    >
      <g
        className="user-group"
      >
        <rect
          className="not-in-focus"
          height="90"
          onMouseDown={[Function]}
          onMouseEnter={[Function]}
          onMouseLeave={[Function]}
          onMouseUp={[Function]}
          width="800"
          x="0"
          y={60}
        />
        <text
          className="username"
          x="60"
          y={120}
        >
          Adam Hall
        </text>
      </g>
      <g
        className="user-group"
      >
        <rect
          className="not-in-focus"
          height="90"
          onMouseDown={[Function]}
          onMouseEnter={[Function]}
          onMouseLeave={[Function]}
          onMouseUp={[Function]}
          width="800"
          x="0"
          y={150}
        />
        <text
          className="username"
          x="60"
          y={210}
        >
          Caroline Hall
        </text>
      </g>
    </g>
    <g
      id="history"
    />
    <button
      id="show-tuckman"
      onMouseUp={[Function]}
    >
      show tuckman
    </button>
    <button
      id="hide-tuckman"
      onMouseUp={[Function]}
    >
      hide tuckman
    </button>
  </g>
</svg>
`;

exports[`Should show the component 2`] = `
<svg
  height={600}
  id="stage"
  width={800}
  xmlns="http://www.w3.org/2000/svg"
>
  <g>
    <g
      id="zones"
    >
      <g>
        <rect
          className="not-in-focus area okay js-area-standard"
          height="100%"
          id="performing"
          onMouseDown={[Function]}
          onMouseEnter={[Function]}
          onMouseLeave={[Function]}
          onMouseUp={[Function]}
          width="25%"
          x="0%"
          y="0"
        >
          <animate
            attributeName="x"
            attributeType="XML"
            begin="0.6000000000000001s"
            dur="0.8s"
            fill="freeze"
            from="0%"
            keyTimes="0; 0.3; 0.6; 0.8; 1"
            to="20%"
            values="0%;93.75%;67.5%;78.75%;75%"
          />
        </rect>
        <text
          className="area-label"
          id="performing-label"
          textAnchor="middle"
          x="87%"
          y="50%"
        >
          performing
        </text>
        ;
      </g>
      <g>
        <rect
          className="not-in-focus area okay js-area-standard"
          height="100%"
          id="norming"
          onMouseDown={[Function]}
          onMouseEnter={[Function]}
          onMouseLeave={[Function]}
          onMouseUp={[Function]}
          width="25%"
          x="0%"
          y="0"
        >
          <animate
            attributeName="x"
            attributeType="XML"
            begin="0.4s"
            dur="0.8s"
            fill="freeze"
            from="0%"
            keyTimes="0; 0.3; 0.6; 0.8; 1"
            to="20%"
            values="0%;62.5%;45%;52.5%;50%"
          />
        </rect>
        <text
          className="area-label"
          id="norming-label"
          textAnchor="middle"
          x="62%"
          y="50%"
        >
          norming
        </text>
        ;
      </g>
      <g>
        <rect
          className="not-in-focus area okay js-area-standard"
          height="100%"
          id="storming"
          onMouseDown={[Function]}
          onMouseEnter={[Function]}
          onMouseLeave={[Function]}
          onMouseUp={[Function]}
          width="25%"
          x="0%"
          y="0"
        >
          <animate
            attributeName="x"
            attributeType="XML"
            begin="0.2s"
            dur="0.8s"
            fill="freeze"
            from="0%"
            keyTimes="0; 0.3; 0.6; 0.8; 1"
            to="20%"
            values="0%;31.25%;22.5%;26.25%;25%"
          />
        </rect>
        <text
          className="area-label"
          id="storming-label"
          textAnchor="middle"
          x="37%"
          y="50%"
        >
          storming
        </text>
        ;
      </g>
      <g>
        <rect
          className="in-focus area okay js-area-standard"
          height="100%"
          id="forming"
          onMouseDown={[Function]}
          onMouseEnter={[Function]}
          onMouseLeave={[Function]}
          onMouseUp={[Function]}
          width="25%"
          x="0%"
          y="0"
        >
          <animate
            attributeName="x"
            attributeType="XML"
            begin="0s"
            dur="0.8s"
            fill="freeze"
            from="0%"
            keyTimes="0; 0.3; 0.6; 0.8; 1"
            to="20%"
            values="0%;0%;0%;0%;0%"
          />
        </rect>
        <text
          className="area-label"
          id="forming-label"
          textAnchor="middle"
          x="12%"
          y="50%"
        >
          forming
        </text>
        ;
      </g>
    </g>
    <g
      className="appear"
      id="users"
    >
      <g
        className="user-group"
      >
        <rect
          className="not-in-focus"
          height="90"
          onMouseDown={[Function]}
          onMouseEnter={[Function]}
          onMouseLeave={[Function]}
          onMouseUp={[Function]}
          width="800"
          x="0"
          y={60}
        />
        <text
          className="username"
          x="60"
          y={120}
        >
          Adam Hall
        </text>
      </g>
      <g
        className="user-group"
      >
        <rect
          className="not-in-focus"
          height="90"
          onMouseDown={[Function]}
          onMouseEnter={[Function]}
          onMouseLeave={[Function]}
          onMouseUp={[Function]}
          width="800"
          x="0"
          y={150}
        />
        <text
          className="username"
          x="60"
          y={210}
        >
          Caroline Hall
        </text>
      </g>
    </g>
    <g
      id="history"
    />
    <button
      id="show-tuckman"
      onMouseUp={[Function]}
    >
      show tuckman
    </button>
    <button
      id="hide-tuckman"
      onMouseUp={[Function]}
    >
      hide tuckman
    </button>
  </g>
</svg>
`;
